2025-08-02 05:02:40,271 - batch_automation - INFO - Loaded state for 288 requests
2025-08-02 05:02:40,271 - batch_automation - INFO - Batch Automation System initialized
2025-08-02 05:02:40,316 - batch_automation - INFO - Initialized 288 requests
2025-08-02 05:02:41,507 - batch_automation - INFO - Loaded state for 288 requests
2025-08-02 05:02:41,512 - batch_automation - INFO - Loaded state for 288 requests
2025-08-02 05:02:41,517 - batch_automation - INFO - Loaded state for 288 requests
2025-08-02 05:02:42,696 - batch_automation - INFO - RDA Request Status Breakdown: {'queued for processing': 10} (Active: 10/10)
2025-08-02 05:02:43,893 - batch_automation - INFO - RDA Request Status Breakdown: {'queued for processing': 10} (Active: 10/10)
2025-08-02 05:02:43,893 - batch_automation - WARNING - Cannot submit control_files/PT_dswrf_control.ctl: Already at 10-request limit (10 active)
2025-08-02 05:02:43,893 - batch_automation - INFO - 🚨 Attempting automatic crisis resolution...
2025-08-02 05:02:43,893 - batch_automation - WARNING - 🚨 CRISIS RESOLUTION: Attempting to resolve request limit crisis
2025-08-02 05:02:44,863 - batch_automation - INFO - ✅ System already within limits: 10/10 requests
2025-08-02 05:02:44,863 - batch_automation - INFO - ✅ Crisis resolved: 0 → 0 requests
2025-08-02 05:02:46,436 - batch_automation - INFO - RDA Request Status Breakdown: {'queued for processing': 10} (Active: 10/10)
2025-08-02 05:02:49,812 - batch_automation - INFO - RDA Request Status Breakdown: {'queued for processing': 10} (Active: 10/10)
2025-08-02 05:02:49,813 - batch_automation - WARNING - Cannot submit control_files/SCEG_dswrf_control.ctl: Already at 10-request limit (10 active)
2025-08-02 05:02:49,814 - batch_automation - INFO - 🚨 Attempting automatic crisis resolution...
2025-08-02 05:02:49,814 - batch_automation - WARNING - 🚨 CRISIS RESOLUTION: Attempting to resolve request limit crisis
2025-08-02 05:02:51,009 - batch_automation - INFO - ✅ System already within limits: 10/10 requests
2025-08-02 05:02:51,010 - batch_automation - INFO - ✅ Crisis resolved: 0 → 0 requests
2025-08-02 05:02:51,985 - batch_automation - INFO - RDA Request Status Breakdown: {'queued for processing': 10} (Active: 10/10)
2025-08-02 05:02:55,037 - batch_automation - INFO - RDA Request Status Breakdown: {'queued for processing': 10} (Active: 10/10)
2025-08-02 05:02:55,037 - batch_automation - WARNING - Cannot submit control_files/LV_dswrf_control.ctl: Already at 10-request limit (10 active)
2025-08-02 05:02:55,037 - batch_automation - INFO - 🚨 Attempting automatic crisis resolution...
2025-08-02 05:02:55,037 - batch_automation - WARNING - 🚨 CRISIS RESOLUTION: Attempting to resolve request limit crisis
2025-08-02 05:02:56,000 - batch_automation - INFO - ✅ System already within limits: 10/10 requests
2025-08-02 05:02:56,000 - batch_automation - INFO - ✅ Crisis resolved: 0 → 0 requests
2025-08-02 05:02:57,030 - batch_automation - INFO - RDA Request Status Breakdown: {'queued for processing': 10} (Active: 10/10)
2025-08-02 05:03:00,012 - batch_automation - INFO - RDA Request Status Breakdown: {'queued for processing': 10} (Active: 10/10)
2025-08-02 05:03:00,013 - batch_automation - WARNING - Cannot submit control_files/BANC_dswrf_control.ctl: Already at 10-request limit (10 active)
2025-08-02 05:03:00,014 - batch_automation - INFO - 🚨 Attempting automatic crisis resolution...
2025-08-02 05:03:00,014 - batch_automation - WARNING - 🚨 CRISIS RESOLUTION: Attempting to resolve request limit crisis
2025-08-02 05:03:01,022 - batch_automation - INFO - ✅ System already within limits: 10/10 requests
2025-08-02 05:03:01,023 - batch_automation - INFO - ✅ Crisis resolved: 0 → 0 requests
2025-08-02 05:03:02,056 - batch_automation - INFO - RDA Request Status Breakdown: {'queued for processing': 10} (Active: 10/10)
2025-08-02 05:03:05,118 - batch_automation - INFO - RDA Request Status Breakdown: {'queued for processing': 10} (Active: 10/10)
2025-08-02 05:03:05,119 - batch_automation - WARNING - Cannot submit control_files/AL_dswrf_control.ctl: Already at 10-request limit (10 active)
2025-08-02 05:03:05,120 - batch_automation - INFO - 🚨 Attempting automatic crisis resolution...
2025-08-02 05:03:05,120 - batch_automation - WARNING - 🚨 CRISIS RESOLUTION: Attempting to resolve request limit crisis
2025-08-02 05:03:06,101 - batch_automation - INFO - ✅ System already within limits: 10/10 requests
2025-08-02 05:03:06,101 - batch_automation - INFO - ✅ Crisis resolved: 0 → 0 requests
2025-08-02 05:03:07,207 - batch_automation - INFO - RDA Request Status Breakdown: {'queued for processing': 10} (Active: 10/10)
2025-08-02 05:03:10,340 - batch_automation - INFO - RDA Request Status Breakdown: {'queued for processing': 10} (Active: 10/10)
2025-08-02 05:03:10,341 - batch_automation - WARNING - Cannot submit control_files/NWMT_dswrf_control.ctl: Already at 10-request limit (10 active)
2025-08-02 05:03:10,341 - batch_automation - INFO - 🚨 Attempting automatic crisis resolution...
2025-08-02 05:03:10,342 - batch_automation - WARNING - 🚨 CRISIS RESOLUTION: Attempting to resolve request limit crisis
2025-08-02 05:03:11,467 - batch_automation - INFO - ✅ System already within limits: 10/10 requests
2025-08-02 05:03:11,468 - batch_automation - INFO - ✅ Crisis resolved: 0 → 0 requests
2025-08-02 05:03:12,444 - batch_automation - INFO - RDA Request Status Breakdown: {'queued for processing': 10} (Active: 10/10)
2025-08-02 05:03:15,455 - batch_automation - INFO - RDA Request Status Breakdown: {'queued for processing': 10} (Active: 10/10)
2025-08-02 05:03:15,457 - batch_automation - WARNING - Cannot submit control_files/SE_dswrf_control.ctl: Already at 10-request limit (10 active)
2025-08-02 05:03:15,457 - batch_automation - INFO - 🚨 Attempting automatic crisis resolution...
2025-08-02 05:03:15,457 - batch_automation - WARNING - 🚨 CRISIS RESOLUTION: Attempting to resolve request limit crisis
2025-08-02 05:03:16,440 - batch_automation - INFO - ✅ System already within limits: 10/10 requests
2025-08-02 05:03:16,441 - batch_automation - INFO - ✅ Crisis resolved: 0 → 0 requests
2025-08-02 05:03:17,493 - batch_automation - INFO - RDA Request Status Breakdown: {'queued for processing': 10} (Active: 10/10)
2025-08-02 05:03:20,579 - batch_automation - INFO - RDA Request Status Breakdown: {'queued for processing': 10} (Active: 10/10)
2025-08-02 05:03:20,579 - batch_automation - WARNING - Cannot submit control_files/FPC_dswrf_control.ctl: Already at 10-request limit (10 active)
2025-08-02 05:03:20,579 - batch_automation - INFO - 🚨 Attempting automatic crisis resolution...
2025-08-02 05:03:20,579 - batch_automation - WARNING - 🚨 CRISIS RESOLUTION: Attempting to resolve request limit crisis
2025-08-02 05:03:21,544 - batch_automation - INFO - ✅ System already within limits: 10/10 requests
2025-08-02 05:03:21,545 - batch_automation - INFO - ✅ Crisis resolved: 0 → 0 requests
2025-08-02 05:03:22,628 - batch_automation - INFO - RDA Request Status Breakdown: {'queued for processing': 10} (Active: 10/10)
2025-08-02 05:03:25,741 - batch_automation - INFO - RDA Request Status Breakdown: {'queued for processing': 10} (Active: 10/10)
2025-08-02 05:03:25,742 - batch_automation - WARNING - Cannot submit control_files/MISO_wind_control.ctl: Already at 10-request limit (10 active)
2025-08-02 05:03:25,743 - batch_automation - INFO - 🚨 Attempting automatic crisis resolution...
2025-08-02 05:03:25,743 - batch_automation - WARNING - 🚨 CRISIS RESOLUTION: Attempting to resolve request limit crisis
2025-08-02 05:03:26,748 - batch_automation - INFO - ✅ System already within limits: 10/10 requests
2025-08-02 05:03:26,749 - batch_automation - INFO - ✅ Crisis resolved: 0 → 0 requests
2025-08-02 05:03:27,851 - batch_automation - INFO - RDA Request Status Breakdown: {'queued for processing': 10} (Active: 10/10)
2025-08-02 05:03:30,923 - batch_automation - INFO - RDA Request Status Breakdown: {'queued for processing': 10} (Active: 10/10)
2025-08-02 05:03:30,924 - batch_automation - WARNING - Cannot submit control_files/PACE_dswrf_control.ctl: Already at 10-request limit (10 active)
2025-08-02 05:03:30,924 - batch_automation - INFO - 🚨 Attempting automatic crisis resolution...
2025-08-02 05:03:30,924 - batch_automation - WARNING - 🚨 CRISIS RESOLUTION: Attempting to resolve request limit crisis
2025-08-02 05:03:31,949 - batch_automation - INFO - ✅ System already within limits: 10/10 requests
2025-08-02 05:03:31,950 - batch_automation - INFO - ✅ Crisis resolved: 0 → 0 requests
2025-08-02 05:03:32,932 - batch_automation - INFO - RDA Request Status Breakdown: {'queued for processing': 10} (Active: 10/10)
