2025-08-02 04:35:56,395 - batch_automation - INFO - Batch Automation System initialized
2025-08-02 04:35:56,456 - batch_automation - INFO - Initialized 288 requests
2025-08-02 04:35:58,462 - batch_automation - INFO - RDA Request Status Breakdown: {'queued for processing': 10} (Active: 10/10)
2025-08-02 04:35:59,471 - batch_automation - INFO - RDA Request Status Breakdown: {'queued for processing': 10} (Active: 10/10)
2025-08-02 04:35:59,472 - batch_automation - WARNING - Cannot submit control_files/CISO_dswrf_control.ctl: Already at 10-request limit (10 active)
2025-08-02 04:35:59,472 - batch_automation - INFO - 🚨 Attempting automatic crisis resolution...
2025-08-02 04:35:59,472 - batch_automation - WARNING - 🚨 CRISIS RESOLUTION: Attempting to resolve request limit crisis
2025-08-02 04:36:00,518 - batch_automation - INFO - ✅ System already within limits: 10/10 requests
2025-08-02 04:36:00,519 - batch_automation - INFO - ✅ Crisis resolved: 0 → 0 requests
2025-08-02 04:36:01,717 - batch_automation - INFO - RDA Request Status Breakdown: {'queued for processing': 10} (Active: 10/10)
2025-08-02 04:36:04,772 - batch_automation - INFO - RDA Request Status Breakdown: {'queued for processing': 10} (Active: 10/10)
2025-08-02 04:36:04,773 - batch_automation - WARNING - Cannot submit control_files/PJM_dswrf_control.ctl: Already at 10-request limit (10 active)
2025-08-02 04:36:04,774 - batch_automation - INFO - 🚨 Attempting automatic crisis resolution...
2025-08-02 04:36:04,774 - batch_automation - WARNING - 🚨 CRISIS RESOLUTION: Attempting to resolve request limit crisis
2025-08-02 04:36:05,894 - batch_automation - INFO - ✅ System already within limits: 10/10 requests
2025-08-02 04:36:05,895 - batch_automation - INFO - ✅ Crisis resolved: 0 → 0 requests
2025-08-02 04:36:06,950 - batch_automation - INFO - RDA Request Status Breakdown: {'queued for processing': 10} (Active: 10/10)
2025-08-02 04:36:09,942 - batch_automation - INFO - RDA Request Status Breakdown: {'queued for processing': 10} (Active: 10/10)
2025-08-02 04:36:09,942 - batch_automation - WARNING - Cannot submit control_files/ISNE_dswrf_control.ctl: Already at 10-request limit (10 active)
2025-08-02 04:36:09,943 - batch_automation - INFO - 🚨 Attempting automatic crisis resolution...
2025-08-02 04:36:09,943 - batch_automation - WARNING - 🚨 CRISIS RESOLUTION: Attempting to resolve request limit crisis
2025-08-02 04:36:10,933 - batch_automation - INFO - ✅ System already within limits: 10/10 requests
2025-08-02 04:36:10,934 - batch_automation - INFO - ✅ Crisis resolved: 0 → 0 requests
2025-08-02 04:36:11,903 - batch_automation - INFO - RDA Request Status Breakdown: {'queued for processing': 10} (Active: 10/10)
2025-08-02 04:36:14,919 - batch_automation - INFO - RDA Request Status Breakdown: {'queued for processing': 10} (Active: 10/10)
2025-08-02 04:36:14,920 - batch_automation - WARNING - Cannot submit control_files/MISO_dswrf_control.ctl: Already at 10-request limit (10 active)
2025-08-02 04:36:14,921 - batch_automation - INFO - 🚨 Attempting automatic crisis resolution...
2025-08-02 04:36:14,921 - batch_automation - WARNING - 🚨 CRISIS RESOLUTION: Attempting to resolve request limit crisis
2025-08-02 04:36:15,937 - batch_automation - INFO - ✅ System already within limits: 10/10 requests
2025-08-02 04:36:15,938 - batch_automation - INFO - ✅ Crisis resolved: 0 → 0 requests
2025-08-02 04:36:17,078 - batch_automation - INFO - RDA Request Status Breakdown: {'queued for processing': 10} (Active: 10/10)
2025-08-02 04:36:20,249 - batch_automation - INFO - RDA Request Status Breakdown: {'queued for processing': 10} (Active: 10/10)
2025-08-02 04:36:20,250 - batch_automation - WARNING - Cannot submit control_files/ERCOT_dswrf_control.ctl: Already at 10-request limit (10 active)
2025-08-02 04:36:20,250 - batch_automation - INFO - 🚨 Attempting automatic crisis resolution...
2025-08-02 04:36:20,250 - batch_automation - WARNING - 🚨 CRISIS RESOLUTION: Attempting to resolve request limit crisis
2025-08-02 04:36:21,298 - batch_automation - INFO - ✅ System already within limits: 10/10 requests
2025-08-02 04:36:21,298 - batch_automation - INFO - ✅ Crisis resolved: 0 → 0 requests
2025-08-02 04:36:22,400 - batch_automation - INFO - RDA Request Status Breakdown: {'queued for processing': 10} (Active: 10/10)
2025-08-02 04:36:25,470 - batch_automation - INFO - RDA Request Status Breakdown: {'queued for processing': 10} (Active: 10/10)
2025-08-02 04:36:25,471 - batch_automation - WARNING - Cannot submit control_files/GCPD_dswrf_control.ctl: Already at 10-request limit (10 active)
2025-08-02 04:36:25,472 - batch_automation - INFO - 🚨 Attempting automatic crisis resolution...
2025-08-02 04:36:25,472 - batch_automation - WARNING - 🚨 CRISIS RESOLUTION: Attempting to resolve request limit crisis
2025-08-02 04:36:26,497 - batch_automation - INFO - ✅ System already within limits: 10/10 requests
2025-08-02 04:36:26,499 - batch_automation - INFO - ✅ Crisis resolved: 0 → 0 requests
2025-08-02 04:36:27,545 - batch_automation - INFO - RDA Request Status Breakdown: {'queued for processing': 10} (Active: 10/10)
2025-08-02 04:36:30,695 - batch_automation - INFO - RDA Request Status Breakdown: {'queued for processing': 10} (Active: 10/10)
2025-08-02 04:36:30,695 - batch_automation - WARNING - Cannot submit control_files/IT_dswrf_control.ctl: Already at 10-request limit (10 active)
2025-08-02 04:36:30,696 - batch_automation - INFO - 🚨 Attempting automatic crisis resolution...
2025-08-02 04:36:30,696 - batch_automation - WARNING - 🚨 CRISIS RESOLUTION: Attempting to resolve request limit crisis
2025-08-02 04:36:31,721 - batch_automation - INFO - ✅ System already within limits: 10/10 requests
2025-08-02 04:36:31,721 - batch_automation - INFO - ✅ Crisis resolved: 0 → 0 requests
2025-08-02 04:36:32,744 - batch_automation - INFO - RDA Request Status Breakdown: {'queued for processing': 10} (Active: 10/10)
2025-08-02 04:36:35,750 - batch_automation - INFO - RDA Request Status Breakdown: {'queued for processing': 10} (Active: 10/10)
2025-08-02 04:36:35,751 - batch_automation - WARNING - Cannot submit control_files/EE_dswrf_control.ctl: Already at 10-request limit (10 active)
2025-08-02 04:36:35,752 - batch_automation - INFO - 🚨 Attempting automatic crisis resolution...
2025-08-02 04:36:35,752 - batch_automation - WARNING - 🚨 CRISIS RESOLUTION: Attempting to resolve request limit crisis
2025-08-02 04:36:36,840 - batch_automation - INFO - ✅ System already within limits: 10/10 requests
2025-08-02 04:36:36,841 - batch_automation - INFO - ✅ Crisis resolved: 0 → 0 requests
2025-08-02 04:36:37,862 - batch_automation - INFO - RDA Request Status Breakdown: {'queued for processing': 10} (Active: 10/10)
2025-08-02 04:36:40,935 - batch_automation - INFO - RDA Request Status Breakdown: {'queued for processing': 10} (Active: 10/10)
2025-08-02 04:36:40,936 - batch_automation - WARNING - Cannot submit control_files/GB_dswrf_control.ctl: Already at 10-request limit (10 active)
2025-08-02 04:36:40,936 - batch_automation - INFO - 🚨 Attempting automatic crisis resolution...
2025-08-02 04:36:40,937 - batch_automation - WARNING - 🚨 CRISIS RESOLUTION: Attempting to resolve request limit crisis
2025-08-02 04:36:41,960 - batch_automation - INFO - ✅ System already within limits: 10/10 requests
2025-08-02 04:36:41,962 - batch_automation - INFO - ✅ Crisis resolved: 0 → 0 requests
2025-08-02 04:36:42,983 - batch_automation - INFO - RDA Request Status Breakdown: {'queued for processing': 10} (Active: 10/10)
2025-08-02 04:36:45,983 - batch_automation - INFO - RDA Request Status Breakdown: {'queued for processing': 10} (Active: 10/10)
2025-08-02 04:36:45,984 - batch_automation - WARNING - Cannot submit control_files/DUK_dswrf_control.ctl: Already at 10-request limit (10 active)
2025-08-02 04:36:45,985 - batch_automation - INFO - 🚨 Attempting automatic crisis resolution...
2025-08-02 04:36:45,985 - batch_automation - WARNING - 🚨 CRISIS RESOLUTION: Attempting to resolve request limit crisis
2025-08-02 04:36:46,992 - batch_automation - INFO - ✅ System already within limits: 10/10 requests
2025-08-02 04:36:46,993 - batch_automation - INFO - ✅ Crisis resolved: 0 → 0 requests
2025-08-02 04:36:48,000 - batch_automation - INFO - RDA Request Status Breakdown: {'queued for processing': 10} (Active: 10/10)
