2025-08-02 04:56:34,014 - batch_automation - INFO - Loaded state for 288 requests
2025-08-02 04:56:34,014 - batch_automation - INFO - Batch Automation System initialized
2025-08-02 04:56:34,059 - batch_automation - INFO - Initialized 288 requests
2025-08-02 04:56:35,221 - batch_automation - INFO - Loaded state for 288 requests
2025-08-02 04:56:35,226 - batch_automation - INFO - Loaded state for 288 requests
2025-08-02 04:56:35,231 - batch_automation - INFO - Loaded state for 288 requests
2025-08-02 04:56:36,082 - batch_automation - INFO - RDA Request Status Breakdown: {'queued for processing': 10} (Active: 10/10)
2025-08-02 04:56:37,222 - batch_automation - INFO - RDA Request Status Breakdown: {'queued for processing': 10} (Active: 10/10)
2025-08-02 04:56:37,222 - batch_automation - WARNING - Cannot submit control_files/ERCOT_temp_control.ctl: Already at 10-request limit (10 active)
2025-08-02 04:56:37,223 - batch_automation - INFO - 🚨 Attempting automatic crisis resolution...
2025-08-02 04:56:37,223 - batch_automation - WARNING - 🚨 CRISIS RESOLUTION: Attempting to resolve request limit crisis
2025-08-02 04:56:38,346 - batch_automation - INFO - ✅ System already within limits: 10/10 requests
2025-08-02 04:56:38,347 - batch_automation - INFO - ✅ Crisis resolved: 0 → 0 requests
2025-08-02 04:56:39,387 - batch_automation - INFO - RDA Request Status Breakdown: {'queued for processing': 10} (Active: 10/10)
2025-08-02 04:56:42,547 - batch_automation - INFO - RDA Request Status Breakdown: {'queued for processing': 10} (Active: 10/10)
2025-08-02 04:56:42,547 - batch_automation - WARNING - Cannot submit control_files/NL_dswrf_control.ctl: Already at 10-request limit (10 active)
2025-08-02 04:56:42,548 - batch_automation - INFO - 🚨 Attempting automatic crisis resolution...
2025-08-02 04:56:42,548 - batch_automation - WARNING - 🚨 CRISIS RESOLUTION: Attempting to resolve request limit crisis
2025-08-02 04:56:43,777 - batch_automation - INFO - ✅ System already within limits: 10/10 requests
2025-08-02 04:56:43,779 - batch_automation - INFO - ✅ Crisis resolved: 0 → 0 requests
2025-08-02 04:56:44,901 - batch_automation - INFO - RDA Request Status Breakdown: {'queued for processing': 10} (Active: 10/10)
2025-08-02 04:56:48,017 - batch_automation - INFO - RDA Request Status Breakdown: {'queued for processing': 10} (Active: 10/10)
2025-08-02 04:56:48,018 - batch_automation - WARNING - Cannot submit control_files/EPE_dswrf_control.ctl: Already at 10-request limit (10 active)
2025-08-02 04:56:48,019 - batch_automation - INFO - 🚨 Attempting automatic crisis resolution...
2025-08-02 04:56:48,019 - batch_automation - WARNING - 🚨 CRISIS RESOLUTION: Attempting to resolve request limit crisis
2025-08-02 04:56:49,202 - batch_automation - INFO - ✅ System already within limits: 10/10 requests
2025-08-02 04:56:49,203 - batch_automation - INFO - ✅ Crisis resolved: 0 → 0 requests
2025-08-02 04:56:50,330 - batch_automation - INFO - RDA Request Status Breakdown: {'queued for processing': 10} (Active: 10/10)
2025-08-02 04:56:53,420 - batch_automation - INFO - RDA Request Status Breakdown: {'queued for processing': 10} (Active: 10/10)
2025-08-02 04:56:53,421 - batch_automation - WARNING - Cannot submit control_files/NYISO_dswrf_control.ctl: Already at 10-request limit (10 active)
2025-08-02 04:56:53,422 - batch_automation - INFO - 🚨 Attempting automatic crisis resolution...
2025-08-02 04:56:53,422 - batch_automation - WARNING - 🚨 CRISIS RESOLUTION: Attempting to resolve request limit crisis
2025-08-02 04:56:54,629 - batch_automation - INFO - ✅ System already within limits: 10/10 requests
2025-08-02 04:56:54,631 - batch_automation - INFO - ✅ Crisis resolved: 0 → 0 requests
2025-08-02 04:56:55,732 - batch_automation - INFO - RDA Request Status Breakdown: {'queued for processing': 10} (Active: 10/10)
2025-08-02 04:56:58,937 - batch_automation - INFO - RDA Request Status Breakdown: {'queued for processing': 10} (Active: 10/10)
2025-08-02 04:56:58,938 - batch_automation - WARNING - Cannot submit control_files/BG_dswrf_control.ctl: Already at 10-request limit (10 active)
2025-08-02 04:56:58,938 - batch_automation - INFO - 🚨 Attempting automatic crisis resolution...
2025-08-02 04:56:58,939 - batch_automation - WARNING - 🚨 CRISIS RESOLUTION: Attempting to resolve request limit crisis
2025-08-02 04:57:00,055 - batch_automation - INFO - ✅ System already within limits: 10/10 requests
2025-08-02 04:57:00,056 - batch_automation - INFO - ✅ Crisis resolved: 0 → 0 requests
2025-08-02 04:57:01,184 - batch_automation - INFO - RDA Request Status Breakdown: {'queued for processing': 10} (Active: 10/10)
2025-08-02 04:57:04,452 - batch_automation - INFO - RDA Request Status Breakdown: {'queued for processing': 10} (Active: 10/10)
2025-08-02 04:57:04,452 - batch_automation - WARNING - Cannot submit control_files/WALC_dswrf_control.ctl: Already at 10-request limit (10 active)
2025-08-02 04:57:04,453 - batch_automation - INFO - 🚨 Attempting automatic crisis resolution...
2025-08-02 04:57:04,453 - batch_automation - WARNING - 🚨 CRISIS RESOLUTION: Attempting to resolve request limit crisis
2025-08-02 04:57:05,498 - batch_automation - INFO - ✅ System already within limits: 10/10 requests
2025-08-02 04:57:05,498 - batch_automation - INFO - ✅ Crisis resolved: 0 → 0 requests
2025-08-02 04:57:06,508 - batch_automation - INFO - RDA Request Status Breakdown: {'queued for processing': 10} (Active: 10/10)
2025-08-02 04:57:09,582 - batch_automation - INFO - RDA Request Status Breakdown: {'queued for processing': 10} (Active: 10/10)
2025-08-02 04:57:09,584 - batch_automation - WARNING - Cannot submit control_files/ES_dswrf_control.ctl: Already at 10-request limit (10 active)
2025-08-02 04:57:09,585 - batch_automation - INFO - 🚨 Attempting automatic crisis resolution...
2025-08-02 04:57:09,585 - batch_automation - WARNING - 🚨 CRISIS RESOLUTION: Attempting to resolve request limit crisis
2025-08-02 04:57:10,619 - batch_automation - INFO - ✅ System already within limits: 10/10 requests
2025-08-02 04:57:10,619 - batch_automation - INFO - ✅ Crisis resolved: 0 → 0 requests
2025-08-02 04:57:11,624 - batch_automation - INFO - RDA Request Status Breakdown: {'queued for processing': 10} (Active: 10/10)
2025-08-02 04:57:14,665 - batch_automation - INFO - RDA Request Status Breakdown: {'queued for processing': 10} (Active: 10/10)
2025-08-02 04:57:14,666 - batch_automation - WARNING - Cannot submit control_files/LT_dswrf_control.ctl: Already at 10-request limit (10 active)
2025-08-02 04:57:14,666 - batch_automation - INFO - 🚨 Attempting automatic crisis resolution...
2025-08-02 04:57:14,666 - batch_automation - WARNING - 🚨 CRISIS RESOLUTION: Attempting to resolve request limit crisis
2025-08-02 04:57:15,686 - batch_automation - INFO - ✅ System already within limits: 10/10 requests
2025-08-02 04:57:15,687 - batch_automation - INFO - ✅ Crisis resolved: 0 → 0 requests
2025-08-02 04:57:16,749 - batch_automation - INFO - RDA Request Status Breakdown: {'queued for processing': 10} (Active: 10/10)
2025-08-02 04:57:19,923 - batch_automation - INFO - RDA Request Status Breakdown: {'queued for processing': 10} (Active: 10/10)
2025-08-02 04:57:19,924 - batch_automation - WARNING - Cannot submit control_files/AECI_dswrf_control.ctl: Already at 10-request limit (10 active)
2025-08-02 04:57:19,924 - batch_automation - INFO - 🚨 Attempting automatic crisis resolution...
2025-08-02 04:57:19,925 - batch_automation - WARNING - 🚨 CRISIS RESOLUTION: Attempting to resolve request limit crisis
2025-08-02 04:57:21,049 - batch_automation - INFO - ✅ System already within limits: 10/10 requests
2025-08-02 04:57:21,050 - batch_automation - INFO - ✅ Crisis resolved: 0 → 0 requests
2025-08-02 04:57:22,176 - batch_automation - INFO - RDA Request Status Breakdown: {'queued for processing': 10} (Active: 10/10)
2025-08-02 04:57:25,250 - batch_automation - INFO - RDA Request Status Breakdown: {'queued for processing': 10} (Active: 10/10)
2025-08-02 04:57:25,251 - batch_automation - WARNING - Cannot submit control_files/ISNE_wind_control.ctl: Already at 10-request limit (10 active)
2025-08-02 04:57:25,252 - batch_automation - INFO - 🚨 Attempting automatic crisis resolution...
2025-08-02 04:57:25,252 - batch_automation - WARNING - 🚨 CRISIS RESOLUTION: Attempting to resolve request limit crisis
2025-08-02 04:57:26,221 - batch_automation - INFO - ✅ System already within limits: 10/10 requests
2025-08-02 04:57:26,221 - batch_automation - INFO - ✅ Crisis resolved: 0 → 0 requests
2025-08-02 04:57:27,299 - batch_automation - INFO - RDA Request Status Breakdown: {'queued for processing': 10} (Active: 10/10)
