2025-08-02 04:54:10,497 - unified_database_setup - INFO - [__init__:90] - Unified Database Setup initialized for: src/python/data/automation_state.db
2025-08-02 04:54:10,497 - unified_database_setup - INFO - [setup_database:559] - 🚀 Starting unified database setup...
2025-08-02 04:54:10,498 - unified_database_setup - INFO - [_create_backup:150] - ✅ Backup created: src/python/data/automation_state.db.pre_setup_20250802_045410
2025-08-02 04:54:10,499 - unified_database_setup - INFO - [_migrate_legacy_data:409] - Standard database already exists with 15 tables
2025-08-02 04:54:10,500 - unified_database_setup - INFO - [_create_basic_tables:173] - Creating basic database tables...
2025-08-02 04:54:10,501 - unified_database_setup - INFO - [_create_basic_tables:361] - ✅ Basic database tables created successfully
2025-08-02 04:54:10,502 - unified_database_setup - INFO - [_migrate_rda_requests_schema:491] - Added column: request_index
2025-08-02 04:54:10,503 - unified_database_setup - INFO - [_migrate_rda_requests_schema:491] - Added column: dsid
2025-08-02 04:54:10,505 - unified_database_setup - INFO - [_migrate_rda_requests_schema:491] - Added column: date_rqst
2025-08-02 04:54:10,505 - unified_database_setup - INFO - [_migrate_rda_requests_schema:491] - Added column: date_ready
2025-08-02 04:54:10,506 - unified_database_setup - INFO - [_migrate_rda_requests_schema:491] - Added column: date_purge
2025-08-02 04:54:10,507 - unified_database_setup - INFO - [_migrate_rda_requests_schema:491] - Added column: location
2025-08-02 04:54:10,509 - unified_database_setup - INFO - [_migrate_rda_requests_schema:491] - Added column: ncar_contact
2025-08-02 04:54:10,510 - unified_database_setup - INFO - [_migrate_rda_requests_schema:491] - Added column: rinfo
2025-08-02 04:54:10,511 - unified_database_setup - INFO - [_migrate_rda_requests_schema:491] - Added column: subset_note
2025-08-02 04:54:10,511 - unified_database_setup - INFO - [_migrate_rda_requests_schema:491] - Added column: raw_response
2025-08-02 04:54:10,511 - unified_database_setup - INFO - [_migrate_rda_requests_schema:498] - ✅ Successfully added 10 columns to rda_requests table
2025-08-02 04:54:10,511 - unified_database_setup - INFO - [setup_database:583] - Creating enhanced database tables...
2025-08-02 04:54:10,514 - unified_database_setup - INFO - [setup_database:598] - ✅ Unified database setup completed successfully!
2025-08-02 04:54:10,515 - unified_database_setup - INFO - [setup_database:599] - 📊 Database location: src/python/data/automation_state.db
2025-08-02 04:54:10,515 - unified_database_setup - INFO - [setup_database:600] - 📋 Tables created: 13
