2025-08-02 04:47:03,122 - integrated_batch_system - INFO - Setting up required directories...
2025-08-02 04:47:03,122 - integrated_batch_system - INFO - Initializing automation system directories...
2025-08-02 04:47:03,122 - integrated_batch_system - INFO - Core directories: 0 created, 17 existed
2025-08-02 04:47:03,122 - integrated_batch_system - INFO - Download directories: 0 created, 1 existed
2025-08-02 04:47:03,122 - integrated_batch_system - INFO - ✅ All automation directories initialized successfully
2025-08-02 04:47:03,122 - integrated_batch_system - INFO - ✅ All required directories are ready
2025-08-02 04:47:03,136 - integrated_batch_system - INFO - Integrated Batch Automation System initialized
2025-08-02 04:47:03,136 - integrated_batch_system - INFO - Starting integrated batch processing of all control files...
2025-08-02 04:47:03,136 - integrated_batch_system - INFO - 🔍 Discovering control files with comprehensive tracker...
2025-08-02 04:47:03,163 - integrated_batch_system - INFO - Found 288 control files across 72 regions
2025-08-02 04:47:03,173 - integrated_batch_system - INFO - 📊 Initial coverage: 0.0% (73 alerts)
2025-08-02 04:47:04,186 - integrated_batch_system - INFO - Enhanced web dashboard thread started, waiting for server to be ready...
2025-08-02 04:47:04,187 - integrated_batch_system - INFO - === Processing Cycle Started ===
2025-08-02 04:47:04,592 - integrated_batch_system - INFO - Dashboard instance created, starting Flask server...
2025-08-02 04:47:05,193 - integrated_batch_system - INFO - Dashboard is ready, opening browser...
2025-08-02 04:47:05,227 - integrated_batch_system - INFO - Current active requests: 10/10
2025-08-02 04:47:05,232 - integrated_batch_system - INFO - Processing 10 requests from queue
2025-08-02 04:47:05,377 - integrated_batch_system - INFO - 🌐 Dashboard opened in browser: http://localhost:5001
2025-08-02 04:50:23,016 - integrated_batch_system - INFO - Received signal 2, initiating graceful shutdown...
2025-08-02 04:50:23,016 - integrated_batch_system - INFO - Shutting down integrated system...
2025-08-02 04:50:23,195 - integrated_batch_system - INFO - Received signal 2, initiating graceful shutdown...
2025-08-02 04:50:23,195 - integrated_batch_system - INFO - Shutting down integrated system...
2025-08-02 04:50:23,448 - integrated_batch_system - INFO - Received signal 2, initiating graceful shutdown...
2025-08-02 04:50:23,448 - integrated_batch_system - INFO - Shutting down integrated system...
2025-08-02 04:50:23,613 - integrated_batch_system - INFO - Received signal 2, initiating graceful shutdown...
2025-08-02 04:50:23,614 - integrated_batch_system - INFO - Shutting down integrated system...
2025-08-02 04:50:23,780 - integrated_batch_system - INFO - Received signal 2, initiating graceful shutdown...
2025-08-02 04:50:23,780 - integrated_batch_system - INFO - Shutting down integrated system...
2025-08-02 04:50:23,913 - integrated_batch_system - INFO - Received signal 2, initiating graceful shutdown...
2025-08-02 04:50:23,913 - integrated_batch_system - INFO - Shutting down integrated system...
2025-08-02 04:50:24,003 - integrated_batch_system - INFO - Received signal 2, initiating graceful shutdown...
2025-08-02 04:50:24,004 - integrated_batch_system - INFO - Shutting down integrated system...
2025-08-02 04:50:24,131 - integrated_batch_system - INFO - Received signal 2, initiating graceful shutdown...
2025-08-02 04:50:24,132 - integrated_batch_system - INFO - Shutting down integrated system...
2025-08-02 04:50:24,347 - integrated_batch_system - INFO - Received signal 2, initiating graceful shutdown...
2025-08-02 04:50:24,348 - integrated_batch_system - INFO - Shutting down integrated system...
2025-08-02 04:50:24,470 - integrated_batch_system - INFO - Received signal 2, initiating graceful shutdown...
2025-08-02 04:50:24,470 - integrated_batch_system - INFO - Shutting down integrated system...
2025-08-02 04:50:29,486 - integrated_batch_system - INFO - Integrated system shutdown complete
2025-08-02 04:50:29,486 - integrated_batch_system - INFO - Shutting down integrated system...
2025-08-02 04:50:29,497 - integrated_batch_system - INFO - Integrated system shutdown complete
2025-08-02 04:50:32,375 - integrated_batch_system - INFO - Received signal 2, initiating graceful shutdown...
2025-08-02 04:50:32,375 - integrated_batch_system - INFO - Shutting down integrated system...
2025-08-02 04:50:32,398 - integrated_batch_system - INFO - Integrated system shutdown complete
