2025-08-02 04:35:56,393 - integrated_batch_system - INFO - Setting up required directories...
2025-08-02 04:35:56,393 - integrated_batch_system - INFO - Initializing automation system directories...
2025-08-02 04:35:56,393 - integrated_batch_system - INFO - Core directories: 0 created, 17 existed
2025-08-02 04:35:56,394 - integrated_batch_system - INFO - Download directories: 0 created, 1 existed
2025-08-02 04:35:56,394 - integrated_batch_system - INFO - ✅ All automation directories initialized successfully
2025-08-02 04:35:56,394 - integrated_batch_system - INFO - ✅ All required directories are ready
2025-08-02 04:35:56,412 - integrated_batch_system - INFO - Integrated Batch Automation System initialized
2025-08-02 04:35:56,412 - integrated_batch_system - INFO - Starting integrated batch processing of all control files...
2025-08-02 04:35:56,412 - integrated_batch_system - INFO - 🔍 Discovering control files with comprehensive tracker...
2025-08-02 04:35:56,444 - integrated_batch_system - INFO - Found 288 control files across 72 regions
2025-08-02 04:35:56,455 - integrated_batch_system - INFO - 📊 Initial coverage: 0.0% (73 alerts)
2025-08-02 04:35:57,471 - integrated_batch_system - INFO - Enhanced web dashboard thread started, waiting for server to be ready...
2025-08-02 04:35:57,472 - integrated_batch_system - INFO - === Processing Cycle Started ===
2025-08-02 04:35:57,756 - integrated_batch_system - INFO - Dashboard instance created, starting Flask server...
2025-08-02 04:35:58,463 - integrated_batch_system - INFO - Current active requests: 10/10
2025-08-02 04:35:58,477 - integrated_batch_system - INFO - Processing 10 requests from queue
2025-08-02 04:35:58,478 - integrated_batch_system - INFO - Dashboard is ready, opening browser...
2025-08-02 04:35:58,643 - integrated_batch_system - INFO - 🌐 Dashboard opened in browser: http://localhost:5001
2025-08-02 04:38:08,879 - integrated_batch_system - INFO - Received signal 2, initiating graceful shutdown...
2025-08-02 04:38:08,880 - integrated_batch_system - INFO - Shutting down integrated system...
2025-08-02 04:38:09,644 - integrated_batch_system - INFO - Received signal 2, initiating graceful shutdown...
2025-08-02 04:38:09,645 - integrated_batch_system - INFO - Shutting down integrated system...
2025-08-02 04:38:14,369 - integrated_batch_system - INFO - Received signal 2, initiating graceful shutdown...
2025-08-02 04:38:14,369 - integrated_batch_system - INFO - Shutting down integrated system...
2025-08-02 04:38:14,592 - integrated_batch_system - INFO - Received signal 2, initiating graceful shutdown...
2025-08-02 04:38:14,592 - integrated_batch_system - INFO - Shutting down integrated system...
2025-08-02 04:38:14,848 - integrated_batch_system - INFO - Received signal 2, initiating graceful shutdown...
2025-08-02 04:38:14,848 - integrated_batch_system - INFO - Shutting down integrated system...
2025-08-02 04:38:19,589 - integrated_batch_system - INFO - Received signal 2, initiating graceful shutdown...
2025-08-02 04:38:19,589 - integrated_batch_system - INFO - Shutting down integrated system...
2025-08-02 04:38:24,620 - integrated_batch_system - INFO - Integrated system shutdown complete
2025-08-02 04:38:24,621 - integrated_batch_system - INFO - Shutting down integrated system...
2025-08-02 04:38:24,634 - integrated_batch_system - INFO - Integrated system shutdown complete
2025-08-02 04:39:02,611 - integrated_batch_system - INFO - Received signal 2, initiating graceful shutdown...
2025-08-02 04:39:02,611 - integrated_batch_system - INFO - Shutting down integrated system...
2025-08-02 04:39:02,621 - integrated_batch_system - INFO - Integrated system shutdown complete
