2025-08-02 04:56:34,007 - integrated_batch_system - INFO - Setting up required directories...
2025-08-02 04:56:34,007 - integrated_batch_system - INFO - Initializing automation system directories...
2025-08-02 04:56:34,008 - integrated_batch_system - INFO - Core directories: 0 created, 17 existed
2025-08-02 04:56:34,008 - integrated_batch_system - INFO - Download directories: 0 created, 1 existed
2025-08-02 04:56:34,008 - integrated_batch_system - INFO - ✅ All automation directories initialized successfully
2025-08-02 04:56:34,008 - integrated_batch_system - INFO - ✅ All required directories are ready
2025-08-02 04:56:34,028 - integrated_batch_system - INFO - Integrated Batch Automation System initialized
2025-08-02 04:56:34,028 - integrated_batch_system - INFO - Starting integrated batch processing of all control files...
2025-08-02 04:56:34,028 - integrated_batch_system - INFO - 🔍 Discovering control files with comprehensive tracker...
2025-08-02 04:56:34,050 - integrated_batch_system - INFO - Found 288 control files across 72 regions
2025-08-02 04:56:34,059 - integrated_batch_system - INFO - 📊 Initial coverage: 0.0% (73 alerts)
2025-08-02 04:56:35,072 - integrated_batch_system - INFO - Enhanced web dashboard thread started, waiting for server to be ready...
2025-08-02 04:56:35,073 - integrated_batch_system - INFO - === Processing Cycle Started ===
2025-08-02 04:56:35,242 - integrated_batch_system - INFO - Dashboard instance created, starting Flask server...
2025-08-02 04:56:36,079 - integrated_batch_system - INFO - Dashboard is ready, opening browser...
2025-08-02 04:56:36,083 - integrated_batch_system - INFO - Current active requests: 10/10
2025-08-02 04:56:36,096 - integrated_batch_system - INFO - Processing 10 requests from queue
2025-08-02 04:56:36,252 - integrated_batch_system - INFO - 🌐 Dashboard opened in browser: http://localhost:5001
2025-08-02 04:59:45,568 - integrated_batch_system - INFO - Received signal 2, initiating graceful shutdown...
2025-08-02 04:59:45,569 - integrated_batch_system - INFO - Shutting down integrated system...
2025-08-02 04:59:45,854 - integrated_batch_system - INFO - Received signal 2, initiating graceful shutdown...
2025-08-02 04:59:45,854 - integrated_batch_system - INFO - Shutting down integrated system...
2025-08-02 04:59:50,880 - integrated_batch_system - INFO - Integrated system shutdown complete
2025-08-02 04:59:50,880 - integrated_batch_system - INFO - Shutting down integrated system...
2025-08-02 04:59:54,553 - integrated_batch_system - INFO - Received signal 2, initiating graceful shutdown...
2025-08-02 04:59:54,553 - integrated_batch_system - INFO - Shutting down integrated system...
2025-08-02 04:59:54,886 - integrated_batch_system - INFO - Received signal 2, initiating graceful shutdown...
2025-08-02 04:59:54,886 - integrated_batch_system - INFO - Shutting down integrated system...
2025-08-02 04:59:59,913 - integrated_batch_system - INFO - Integrated system shutdown complete
2025-08-02 05:00:00,544 - integrated_batch_system - INFO - Received signal 2, initiating graceful shutdown...
2025-08-02 05:00:00,544 - integrated_batch_system - INFO - Shutting down integrated system...
2025-08-02 05:00:00,554 - integrated_batch_system - INFO - Integrated system shutdown complete
