2025-08-02 04:53:08,806 - unified_database_setup - INFO - [__init__:90] - Unified Database Setup initialized for: src/python/data/automation_state.db
2025-08-02 04:53:08,806 - unified_database_setup - INFO - [setup_database:559] - 🚀 Starting unified database setup...
2025-08-02 04:53:08,808 - unified_database_setup - INFO - [_create_backup:150] - ✅ Backup created: src/python/data/automation_state.db.pre_setup_20250802_045308
2025-08-02 04:53:08,808 - unified_database_setup - INFO - [_migrate_legacy_data:409] - Standard database already exists with 22 tables
2025-08-02 04:53:08,808 - unified_database_setup - INFO - [_create_basic_tables:173] - Creating basic database tables...
2025-08-02 04:53:08,809 - unified_database_setup - INFO - [_create_basic_tables:361] - ✅ Basic database tables created successfully
2025-08-02 04:53:08,810 - unified_database_setup - INFO - [_migrate_rda_requests_schema:491] - Added column: request_index
2025-08-02 04:53:08,811 - unified_database_setup - INFO - [_migrate_rda_requests_schema:491] - Added column: dsid
2025-08-02 04:53:08,813 - unified_database_setup - INFO - [_migrate_rda_requests_schema:491] - Added column: date_rqst
2025-08-02 04:53:08,813 - unified_database_setup - INFO - [_migrate_rda_requests_schema:491] - Added column: date_ready
2025-08-02 04:53:08,814 - unified_database_setup - INFO - [_migrate_rda_requests_schema:491] - Added column: date_purge
2025-08-02 04:53:08,815 - unified_database_setup - INFO - [_migrate_rda_requests_schema:491] - Added column: location
2025-08-02 04:53:08,816 - unified_database_setup - INFO - [_migrate_rda_requests_schema:491] - Added column: ncar_contact
2025-08-02 04:53:08,816 - unified_database_setup - INFO - [_migrate_rda_requests_schema:491] - Added column: rinfo
2025-08-02 04:53:08,817 - unified_database_setup - INFO - [_migrate_rda_requests_schema:491] - Added column: subset_note
2025-08-02 04:53:08,818 - unified_database_setup - INFO - [_migrate_rda_requests_schema:491] - Added column: raw_response
2025-08-02 04:53:08,818 - unified_database_setup - INFO - [_migrate_rda_requests_schema:498] - ✅ Successfully added 10 columns to rda_requests table
2025-08-02 04:53:08,818 - unified_database_setup - INFO - [setup_database:583] - Creating enhanced database tables...
2025-08-02 04:53:08,819 - unified_database_setup - INFO - [setup_database:598] - ✅ Unified database setup completed successfully!
2025-08-02 04:53:08,820 - unified_database_setup - INFO - [setup_database:599] - 📊 Database location: src/python/data/automation_state.db
2025-08-02 04:53:08,820 - unified_database_setup - INFO - [setup_database:600] - 📋 Tables created: 13
